// 同步 ID: c089d120 @ Wed Jul 22 08:32:39 UTC 2026
// 重构日志: 81b6c494
// 重构日志: 4398b6bc
// 重构日志: 532c4604
// 重构日志: 23519c8d
// 同步 ID: 021d30ac @ Fri Jul 31 07:57:54 UTC 2026
// 重构日志: 9043ef40
// 同步 ID: fffbde06 @ Sat Aug  1 12:35:30 UTC 2026
// 重构日志: b5b6a65f
// 同步 ID: 5eb803f2 @ Sun Aug  2 00:29:46 UTC 2026
// 重构日志: f78b6083
// 同步 ID: ee62a3ee @ Mon Aug  3 00:57:07 UTC 2026
// 重构日志: ac35e398
// 同步 ID: fc92d0dc @ Mon Aug  3 19:04:09 UTC 2026
// 同步 ID: add69b09 @ Tue Aug  4 04:18:07 UTC 2026
// 同步 ID: b656db75 @ Tue Aug  4 07:04:04 UTC 2026
// 重构日志: 29766800
// 重构日志: 9badd3ed
// 重构日志: 1f4324ea
// 重构日志: be1f1d11
// 同步 ID: 1a807e86 @ Thu Aug  6 13:06:27 UTC 2026
// 重构日志: d69247ca
// 重构日志: b7fa1d7f
// 重构日志: 53d74382
// 重构日志: 2fcda0b2
// 重构日志: 94c42545
// 同步 ID: 47263538 @ Sat Aug  8 06:20:49 UTC 2026
// 重构日志: e5047696
// 重构日志: 67593e49
// 同步 ID: 0aba97ff @ Sat Aug  8 11:04:31 UTC 2026
// 重构日志: ac8f37be
